// Jest Snapshot v1, https://goo.gl/fbAQLP

exports[`UnsavedChangesPrompt render should render null 1`] = `""`;
